>>> maintenance(machine)
<__main__.DistributeurMaintenance object at 0x00000000036B3C18>
>>> mise_en_service(machine)
<__main__.DistributeurFonctionnement object at 0x00000000036B3C18>
>>> maintenance(machine)
<__main__.DistributeurMaintenance object at 0x00000000036B3C18>
>>> mise_en_service(machine)
<__main__.DistributeurFonctionnement object at 0x00000000036B3C18>
>>> machine
<__main__.DistributeurFonctionnement object at 0x00000000036B3C18>
>>> maintenance(machine)
<__main__.DistributeurMaintenance object at 0x00000000036B3C18>
>>> machine
<__main__.DistributeurMaintenance object at 0x00000000036B3C18>
>>> machine.reset()


>>> machine.reset()
Exception: Action reset indisponnible en mode Fonctionnement
>>> maintenance(machine)
<__main__.DistributeurMaintenance object at 0x0000000003223C18>
>>> machine.reset()
>>> machine.is_enough_stock()
Exception: Action is_enough_stock indisponnible en mode Maintenance

>>> a = DistributeurFonctionnement(DistributeurMaintenance(int))
Traceback (most recent call last):
  File "<pyshell#76>", line 1, in <module>
    a = DistributeurFonctionnement(DistributeurMaintenance(int))
  File "E:\Users\Elias\OneDrive\Licence MIASHS\Semestre 5\Informatique Théorique 2\Machine à café\drinkdispenser\distributeur.py", line 259, in __new__
    assert isinstance(other, Distributeur), "Seul un distributeur peut être basculé en mode maintenance."
AssertionError: Seul un distributeur peut être basculé en mode maintenance.
>>> maintenance(machine)
<__main__.DistributeurMaintenance object at 0x0000000003DF1C50>
>>> machine.reset()
>>> mise_en_service(machine)
<__main__.DistributeurFonctionnement object at 0x0000000003DF1C50>
>>> machine.reset()
Traceback (most recent call last):
  File "<pyshell#80>", line 1, in <module>
    machine.reset()
  File "E:\Users\Elias\OneDrive\Licence MIASHS\Semestre 5\Informatique Théorique 2\Machine à café\drinkdispenser\distributeur.py", line 238, in reset
    raise DistributeurFonctionnement.exception('reset')
Exception: Action reset indisponnible en mode fonctionnement
>>>
